Resource Report
Microsemi Corporation - Microsemi Libero Software Release v11.9 SP6 (Version 11.9.6.7)
Date: Fri Oct 25 15:00:15 2024

Device Selection
+--------------------------------+----------------+
| Family                         | SmartFusion2   |
| Device                         | M2S025         |
| Package                        | 256 VF         |
| Speed Grade                    | STD            |
| Temp                           | 0:25:85        |
| Voltage                        | 1.26:1.20:1.14 |
| Core Voltage                   | 1.2V           |
| Ramp Rate                      | 100ms Minimum  |
| System Controller Suspend Mode | No             |
| PLL Supply Voltage             | 2.5V           |
| Default I/O technology         | LVTTL          |
| Restrict Probe Pins            | Yes            |
| Restrict SPI Pins              | No             |
+--------------------------------+----------------+

Source Files
+---------+------------------------------------------------------------------------------------------------------------------+
| Topcell | m2s_sys_top                                                                                                      |
| Format  | EDIF                                                                                                             |
| Source  | C:\jijeesh\workspace.m2s\m2s-fabric-ip\fpga-design\m2s-creative-brd\m2s-creative-basic\synthesis\m2s_sys_top.edn |
+---------+------------------------------------------------------------------------------------------------------------------+

Options
+----------------------------------------------------+-------+
| Enable Single Event Transient mitigation           | false |
| Enable Design Separation Methodology               | false |
| Limit the number of high fanout nets to display to | 10    |
+----------------------------------------------------+-------+

Resource Usage
+---------------------------+------+-------+------------+
| Type                      | Used | Total | Percentage |
+---------------------------+------+-------+------------+
| 4LUT                      | 1541 | 27696 | 5.56       |
| DFF                       | 1146 | 27696 | 4.14       |
| I/O Register              | 0    | 414   | 0.00       |
| User I/O                  | 67   | 138   | 48.55      |
| -- Single-ended I/O       | 61   | 138   | 44.20      |
| -- Differential I/O Pairs | 3    | 65    | 4.62       |
| RAM64x18                  | 6    | 34    | 17.65      |
| RAM1K18                   | 0    | 31    | 0.00       |
| MACC                      | 0    | 34    | 0.00       |
| Chip Globals              | 9    | 16    | 56.25      |
| CCC                       | 1    | 6     | 16.67      |
| RCOSC_25_50MHZ            | 1    | 1     | 100.00     |
| RCOSC_1MHZ                | 0    | 1     | 0.00       |
| XTLOSC                    | 0    | 1     | 0.00       |
| MSS                       | 1    | 1     | 100.00     |
+---------------------------+------+-------+------------+

Detailed Logic Resource Usage
+--------------------------+------+------+
| Type                     | 4LUT | DFF  |
+--------------------------+------+------+
| Fabric Logic             | 1325 | 930  |
| RAM64x18 Interface Logic | 216  | 216  |
| RAM1K18 Interface Logic  | 0    | 0    |
| MACC Interface Logic     | 0    | 0    |
| Total Used               | 1541 | 1146 |
+--------------------------+------+------+

MSS Resource Usage
+---------------+------+-------+
| Type          | Used | Total |
+---------------+------+-------+
| Cortex-M3*    | 1    | 1     |
| eNVM (256KB)* | 1    | 1     |
| eSRAM*        | 2    | 2     |
| TIMER*        | 2    | 2     |
| CAN           | 0    | 1     |
| SPI           | 0    | 2     |
| I2C           | 0    | 2     |
| UART          | 0    | 2     |
| USB           | 0    | 1     |
| MAC           | 0    | 1     |
| MDDR          | 1    | 1     |
| HPDMA         | 1    | 1     |
| PDMA          | 1    | 1     |
+---------------+------+-------+

* These resources are always marked as used when you are using the MSS

Detailed Carry Chains Resource Usage
+--------+------+
| Length | Used |
| 5      | 3    |
| 6      | 4    |
| 7      | 4    |
| 9      | 2    |
| 11     | 1    |
| 14     | 2    |
| 33     | 1    |
| Total  | 17   |
+--------+------+

I/O Function
+--------------------------------------+--------------+-------------+-----------------+
| Type                                 | w/o register | w/ register | w/ DDR register |
+--------------------------------------+--------------+-------------+-----------------+
| Input I/O                            | 7            | 0           | 0               |
| Output I/O                           | 36           | 0           | 0               |
| Bidirectional I/O                    | 18           | 0           | 0               |
| Differential Input I/O Pairs         | 0            | 0           | 0               |
| Differential Output I/O Pairs        | 1            | 0           | 0               |
| Differential Bidirectional I/O Pairs | 2            | 0           | 0               |
+--------------------------------------+--------------+-------------+-----------------+

I/O Technology
+-------------------------------+--------+--------+-------+--------+---------------+
| I/O Standard                  | Vddi   | Vref   | Input | Output | Bidirectional |
+-------------------------------+--------+--------+-------+--------+---------------+
| LVTTL                         |  3.30v |  N/A   |  6    |  9     |  0            |
| SSTL18I (Input/Bidirectional) |  1.80v |  1.00v |  1    |  0     |  22           |
| SSTL18I (Output)              |  1.80v |  N/A   |  0    |  29    |  0            |
+-------------------------------+--------+--------+-------+--------+---------------+

I/O Placement
+----------+-------+------------+
| Type     | Count | Percentage |
+----------+-------+------------+
| Locked   |  52   | 77.61%     |
| Placed   |  0    | 0.00%      |
| UnPlaced |  15   | 22.39%     |
+----------+-------+------------+

Nets assigned to chip global resources
+--------+---------+-------------------------------------------------------------------------------------------------------+
| Fanout | Type    | Name                                                                                                  |
+--------+---------+-------------------------------------------------------------------------------------------------------+
| 841    | INT_NET | Net   : m2s_creative_demo_0_FIC_0_CLK                                                                 |
|        |         | Driver: m2s_creative_demo_0/ddr_mss_sb_0/CCC_0/GL0_INST/U0_RGB1                                       |
|        |         | Source: NETLIST                                                                                       |
| 746    | INT_NET | Net   : m2s_creative_demo_0_INIT_DONE                                                                 |
|        |         | Driver: m2s_creative_demo_0/ddr_mss_sb_0/CORERESETP_0/INIT_DONE_int_RNIUED4/U0_RGB1                   |
|        |         | Source: NETLIST                                                                                       |
| 77     | INT_NET | Net   : m2s_creative_demo_0/ddr_mss_sb_0/CORECONFIGP_0_APB_S_PRESET_N                                 |
|        |         | Driver: m2s_creative_demo_0/ddr_mss_sb_0/ddr_mss_sb_MSS_0/FIC_2_APB_M_PRESET_N_keep_RNIL4HD/U0_RGB1   |
|        |         | Source: NETLIST                                                                                       |
| 75     | INT_NET | Net   : m2s_creative_demo_0/ddr_mss_sb_0/CORECONFIGP_0_APB_S_PCLK                                     |
|        |         | Driver: m2s_creative_demo_0/ddr_mss_sb_0/ddr_mss_sb_MSS_0/MSS_ADLIB_INST_RNIS18B/U0_RGB1              |
|        |         | Source: NETLIST                                                                                       |
| 26     | INT_NET | Net   : User_Interfaces_0/SD_IF_0/CORESPI_C1_0/CORESPI_C1_0/USPI/UCC/un1_resetn_tx_i                  |
|        |         | Driver: User_Interfaces_0/SD_IF_0/CORESPI_C1_0/CORESPI_C1_0/USPI/UCC/un1_resetn_tx_RNII8ID/U0_RGB1    |
|        |         | Source: NETLIST                                                                                       |
| 26     | INT_NET | Net   : User_Interfaces_0/spi_flash_0/CORESPI_C0_0/CORESPI_C0_0/USPI/UCC/un1_resetn_tx_i              |
|        |         | Driver: User_Interfaces_0/spi_flash_0/CORESPI_C0_0/CORESPI_C0_0/USPI/UCC/un1_resetn_tx_RNI4U3/U0_RGB1 |
|        |         | Source: NETLIST                                                                                       |
| 25     | INT_NET | Net   : m2s_creative_demo_0/ddr_mss_sb_0/CORERESETP_0/sm0_areset_n_clk_base                           |
|        |         | Driver: m2s_creative_demo_0/ddr_mss_sb_0/CORERESETP_0/sm0_areset_n_clk_base_RNIEPAB/U0_RGB1           |
|        |         | Source: NETLIST                                                                                       |
| 22     | INT_NET | Net   : m2s_creative_demo_0/ddr_mss_sb_0/FABOSC_0_RCOSC_25_50MHZ_O2F                                  |
|        |         | Driver: m2s_creative_demo_0/ddr_mss_sb_0/FABOSC_0/I_RCOSC_25_50MHZ_FAB_CLKINT/U0_RGB1                 |
|        |         | Source: NETLIST                                                                                       |
| 17     | INT_NET | Net   : m2s_creative_demo_0/ddr_mss_sb_0/CORERESETP_0/sm0_areset_n_rcosc                              |
|        |         | Driver: m2s_creative_demo_0/ddr_mss_sb_0/CORERESETP_0/sm0_areset_n_rcosc_RNIKPIB/U0_RGB1              |
|        |         | Source: NETLIST                                                                                       |
+--------+---------+-------------------------------------------------------------------------------------------------------+

Nets assigned to row global resources
+--------+------+------+
| Fanout | Type | Name |
+--------+------+------+
+--------+------+------+

High fanout nets
+--------+---------+--------------------------------------------------------------------------+
| Fanout | Type    | Name                                                                     |
+--------+---------+--------------------------------------------------------------------------+
| 93     | INT_NET | Net   : m2s_creative_demo_0_FIC_0_AMBA_MASTER_PADDR[2]                   |
|        |         | Driver: m2s_creative_demo_0/ddr_mss_sb_0/ddr_mss_sb_MSS_0/MSS_ADLIB_INST |
| 91     | INT_NET | Net   : m2s_creative_demo_0_FIC_0_AMBA_MASTER_PADDR[4]                   |
|        |         | Driver: m2s_creative_demo_0/ddr_mss_sb_0/ddr_mss_sb_MSS_0/MSS_ADLIB_INST |
| 85     | INT_NET | Net   : m2s_creative_demo_0_FIC_0_AMBA_MASTER_PADDR[3]                   |
|        |         | Driver: m2s_creative_demo_0/ddr_mss_sb_0/ddr_mss_sb_MSS_0/MSS_ADLIB_INST |
| 42     | INT_NET | Net   : m2s_creative_demo_0_FIC_0_AMBA_MASTER_PADDR[5]                   |
|        |         | Driver: m2s_creative_demo_0/ddr_mss_sb_0/ddr_mss_sb_MSS_0/MSS_ADLIB_INST |
| 40     | INT_NET | Net   : m2s_creative_demo_0_FIC_0_AMBA_MASTER_PWDATA[5]                  |
|        |         | Driver: m2s_creative_demo_0/ddr_mss_sb_0/ddr_mss_sb_MSS_0/MSS_ADLIB_INST |
| 40     | INT_NET | Net   : m2s_creative_demo_0_FIC_0_AMBA_MASTER_PWDATA[6]                  |
|        |         | Driver: m2s_creative_demo_0/ddr_mss_sb_0/ddr_mss_sb_MSS_0/MSS_ADLIB_INST |
| 40     | INT_NET | Net   : m2s_creative_demo_0_FIC_0_AMBA_MASTER_PWDATA[7]                  |
|        |         | Driver: m2s_creative_demo_0/ddr_mss_sb_0/ddr_mss_sb_MSS_0/MSS_ADLIB_INST |
| 39     | INT_NET | Net   : m2s_creative_demo_0_FIC_0_AMBA_MASTER_PWDATA[3]                  |
|        |         | Driver: m2s_creative_demo_0/ddr_mss_sb_0/ddr_mss_sb_MSS_0/MSS_ADLIB_INST |
| 33     | INT_NET | Net   : m2s_creative_demo_0_FIC_0_AMBA_MASTER_PWDATA[0]                  |
|        |         | Driver: m2s_creative_demo_0/ddr_mss_sb_0/ddr_mss_sb_MSS_0/MSS_ADLIB_INST |
| 33     | INT_NET | Net   : User_Interfaces_0/CoreTimer_C0_0/CoreTimer_C0_0/un5_loaden       |
|        |         | Driver: User_Interfaces_0/CoreTimer_C0_0/CoreTimer_C0_0/un5_loaden       |
+--------+---------+--------------------------------------------------------------------------+

High fanout nets (through buffer trees)
+--------+---------+--------------------------------------------------------------------------+
| Fanout | Type    | Name                                                                     |
+--------+---------+--------------------------------------------------------------------------+
| 93     | INT_NET | Net   : m2s_creative_demo_0_FIC_0_AMBA_MASTER_PADDR[2]                   |
|        |         | Driver: m2s_creative_demo_0/ddr_mss_sb_0/ddr_mss_sb_MSS_0/MSS_ADLIB_INST |
| 91     | INT_NET | Net   : m2s_creative_demo_0_FIC_0_AMBA_MASTER_PADDR[4]                   |
|        |         | Driver: m2s_creative_demo_0/ddr_mss_sb_0/ddr_mss_sb_MSS_0/MSS_ADLIB_INST |
| 85     | INT_NET | Net   : m2s_creative_demo_0_FIC_0_AMBA_MASTER_PADDR[3]                   |
|        |         | Driver: m2s_creative_demo_0/ddr_mss_sb_0/ddr_mss_sb_MSS_0/MSS_ADLIB_INST |
| 42     | INT_NET | Net   : m2s_creative_demo_0_FIC_0_AMBA_MASTER_PADDR[5]                   |
|        |         | Driver: m2s_creative_demo_0/ddr_mss_sb_0/ddr_mss_sb_MSS_0/MSS_ADLIB_INST |
| 40     | INT_NET | Net   : m2s_creative_demo_0_FIC_0_AMBA_MASTER_PWDATA[5]                  |
|        |         | Driver: m2s_creative_demo_0/ddr_mss_sb_0/ddr_mss_sb_MSS_0/MSS_ADLIB_INST |
| 40     | INT_NET | Net   : m2s_creative_demo_0_FIC_0_AMBA_MASTER_PWDATA[6]                  |
|        |         | Driver: m2s_creative_demo_0/ddr_mss_sb_0/ddr_mss_sb_MSS_0/MSS_ADLIB_INST |
| 40     | INT_NET | Net   : m2s_creative_demo_0_FIC_0_AMBA_MASTER_PWDATA[7]                  |
|        |         | Driver: m2s_creative_demo_0/ddr_mss_sb_0/ddr_mss_sb_MSS_0/MSS_ADLIB_INST |
| 39     | INT_NET | Net   : m2s_creative_demo_0_FIC_0_AMBA_MASTER_PWDATA[3]                  |
|        |         | Driver: m2s_creative_demo_0/ddr_mss_sb_0/ddr_mss_sb_MSS_0/MSS_ADLIB_INST |
| 33     | INT_NET | Net   : m2s_creative_demo_0_FIC_0_AMBA_MASTER_PWDATA[0]                  |
|        |         | Driver: m2s_creative_demo_0/ddr_mss_sb_0/ddr_mss_sb_MSS_0/MSS_ADLIB_INST |
| 33     | INT_NET | Net   : User_Interfaces_0/CoreTimer_C0_0/CoreTimer_C0_0/un5_loaden       |
|        |         | Driver: User_Interfaces_0/CoreTimer_C0_0/CoreTimer_C0_0/un5_loaden       |
+--------+---------+--------------------------------------------------------------------------+

